// Jest Snapshot v1, https://goo.gl/fbAQLP

exports[`Header renders correctly 1`] = `
<div
  className="position"
>
  <header
    className="menuLevelNull"
  >
    <nav>
      <ul>
        <li>
          <a
            href="/"
          >
            Home
          </a>
        </li>
        <li>
          <a
            href="/about"
          >
            About Me
          </a>
        </li>
        <li>
          <a
            href="/blog"
          >
            Blog
          </a>
        </li>
        <li>
          <a
            href="/contact"
          >
            Contact
          </a>
        </li>
      </ul>
    </nav>
  </header>
</div>
`;
